// Jest Snapshot v1, https://goo.gl/fbAQLP

exports[`Pruebas en AppRouter debe de mostrarse correctamente 1`] = `
<div>
  <div>
    <nav
      className="navbar navbar-expand-lg navbar-light bg-light"
    >
      <a
        className="navbar-brand"
        href="/"
        onClick={[Function]}
      >
        UseContext
      </a>
      <ul
        className="navbar-nav me-auto mb-2 mb-lg-0"
      >
        <li
          className="nav-item"
        >
          <a
            aria-current="page"
            className="nav-link active active"
            href="/"
            onClick={[Function]}
            style={Object {}}
          >
            Home
          </a>
        </li>
        <li
          className="nav-item"
        >
          <a
            aria-current={null}
            className="nav-link"
            href="/about"
            onClick={[Function]}
          >
            About
          </a>
        </li>
        <li
          className="nav-item"
        >
          <a
            aria-current={null}
            className="nav-link"
            href="/login"
            onClick={[Function]}
          >
            Login
          </a>
        </li>
      </ul>
    </nav>
    <div
      className="container"
    >
      <div>
        <h1>
          Home Screen
        </h1>
        <hr />
        <pre />
      </div>
    </div>
  </div>
</div>
`;
